python : Creating test 
database for alias 
'default' ('file:memory
db_default?mode=memory&
cache=shared')...
En línea: 1 Carácter: 1
+ python manage.py 
test apps 
--verbosity=2 > 
test_output.txt 2>&1 ; 
pyt ...
+ ~~~~~~~~~~~~~~~~~~~~~
~~~~~~~~~~~~~~~~~~~~~~~
~~~~~~~~~~~~~~~~~~~
    + CategoryInfo     
         : NotSpecifi  
  ed: (Creating test   
  d...che=shared').    
..:String) [], Rem    
oteException
    + FullyQualifiedEr 
   rorId : NativeComm  
  andError
 

Found 11 test(s).
Operations to perform:
  Synchronize unmigrated apps: messages, staticfiles
  Apply all migrations: admin, auth, contenttypes, cuentas, nombramientos, personas, programas, sessions, tesis
Synchronizing apps without migrations:
  Creating tables...
    Running deferred SQL...
Running migrations:
  Applying contenttypes.0001_initial... OK
  Applying contenttypes.0002_remove_content_type_name... OK
  Applying auth.0001_initial... OK
  Applying auth.0002_alter_permission_name_max_length... OK
  Applying auth.0003_alter_user_email_max_length... OK
  Applying auth.0004_alter_user_username_opts... OK
  Applying auth.0005_alter_user_last_login_null... OK
  Applying auth.0006_require_contenttypes_0002... OK
  Applying auth.0007_alter_validators_add_error_messages... OK
  Applying auth.0008_alter_user_username_max_length... OK
  Applying auth.0009_alter_user_last_name_max_length... OK
  Applying auth.0010_alter_group_name_max_length... OK
  Applying auth.0011_update_proxy_permissions... OK
  Applying auth.0012_alter_user_first_name_max_length... OK
  Applying cuentas.0001_initial... OK
  Applying admin.0001_initial... OK
  Applying admin.0002_logentry_remove_auto_add... OK
  Applying admin.0003_logentry_add_action_flag_choices... OK
  Applying personas.0001_initial... OK
  Applying programas.0001_initial... OK
  Applying personas.0002_initial... OK
  Applying nombramientos.0001_initial... OK
  Applying sessions.0001_initial... OK
  Applying tesis.0001_initial... OK
System check identified no issues (0 silenced).
test_acceso_no_autentic
ado_redirige_login (cue
ntas.tests.TestCuentas.
test_acceso_no_autentic
ado_redirige_login) 
... ok
test_login_correcto_adm
in_redirige_admin (cuen
tas.tests.TestCuentas.t
est_login_correcto_admi
n_redirige_admin) ... 
ok
test_login_invalido_mue
stra_error (cuentas.tes
ts.TestCuentas.test_log
in_invalido_muestra_err
or) ... ok
test_creacion_persona_i
nvalida_rfc (personas.t
ests.TestPersonas.test_
creacion_persona_invali
da_rfc) ... ok
test_creacion_persona_v
alida (personas.tests.T
estPersonas.test_creaci
on_persona_valida) ... 
ok
test_lista_personas_req
uiere_autenticacion (pe
rsonas.tests.TestPerson
as.test_lista_personas_
requiere_autenticacion)
 ... ok
test_profesor_no_puede_
ver_lista (personas.tes
ts.TestPersonas.test_pr
ofesor_no_puede_ver_lis
ta) ... ok
test_secretaria_puede_v
er_lista (personas.test
s.TestPersonas.test_sec
retaria_puede_ver_lista
) ... ok
test_max_2_directores_a
ctivos (tesis.tests.Tes
tTesis.test_max_2_direc
tores_activos) ... 
ERROR
test_profesor_max_4_alu
mnos (tesis.tests.TestT
esis.test_profesor_max_
4_alumnos) ... ERROR
test_resultado_jurado_a
probado_egresa_estudian
te (tesis.tests.TestTes
is.test_resultado_jurad
o_aprobado_egresa_estud
iante) ... ERROR

=======================
=======================
=======================
=
ERROR: test_max_2_direc
tores_activos (tesis.te
sts.TestTesis.test_max_
2_directores_activos)
-----------------------
-----------------------
-----------------------
-
Traceback (most recent 
call last):
  File "C:\Users\Window
s\AppData\Local\Program
s\Python\Python312\Lib\
site-packages\django\db
\models\fields\__init__
.py", line 2123, in 
get_prep_value
    return int(value)
           ^^^^^^^^^^
ValueError: invalid 
literal for int() with 
base 10: '2024-A'

The above exception 
was the direct cause 
of the following 
exception:

Traceback (most recent 
call last):
  File "C:\Users\Window
s\Documents\SiCoP\apps\
tesis\tests.py", line 
38, in setUp
    self.est = Estudian
te.objects.create(
               ^^^^^^^^
^^^^^^^^^^^^^^^^^^
  File "C:\Users\Window
s\AppData\Local\Program
s\Python\Python312\Lib\
site-packages\django\db
\models\manager.py", 
line 87, in 
manager_method
    return getattr(self
.get_queryset(), 
name)(*args, **kwargs)
           ^^^^^^^^^^^^
^^^^^^^^^^^^^^^^^^^^^^^
^^^^^^^^^^^^^^^^
  File "C:\Users\Window
s\AppData\Local\Program
s\Python\Python312\Lib\
site-packages\django\db
\models\query.py", 
line 681, in create
    obj.save(force_inse
rt=True, using=self.db)
  File "C:\Users\Window
s\AppData\Local\Program
s\Python\Python312\Lib\
site-packages\django\db
\models\base.py", line 
892, in save
    self.save_base(
  File "C:\Users\Window
s\AppData\Local\Program
s\Python\Python312\Lib\
site-packages\django\db
\models\base.py", line 
998, in save_base
    updated = 
self._save_table(
              
^^^^^^^^^^^^^^^^^
  File "C:\Users\Window
s\AppData\Local\Program
s\Python\Python312\Lib\
site-packages\django\db
\models\base.py", line 
1161, in _save_table
    results = 
self._do_insert(
              
^^^^^^^^^^^^^^^^
  File "C:\Users\Window
s\AppData\Local\Program
s\Python\Python312\Lib\
site-packages\django\db
\models\base.py", line 
1202, in _do_insert
    return 
manager._insert(
           
^^^^^^^^^^^^^^^^
  File "C:\Users\Window
s\AppData\Local\Program
s\Python\Python312\Lib\
site-packages\django\db
\models\manager.py", 
line 87, in 
manager_method
    return getattr(self
.get_queryset(), 
name)(*args, **kwargs)
           ^^^^^^^^^^^^
^^^^^^^^^^^^^^^^^^^^^^^
^^^^^^^^^^^^^^^^
  File "C:\Users\Window
s\AppData\Local\Program
s\Python\Python312\Lib\
site-packages\django\db
\models\query.py", 
line 1852, in _insert
    return query.get_co
mpiler(using=using).exe
cute_sql(returning_fiel
ds)
           ^^^^^^^^^^^^
^^^^^^^^^^^^^^^^^^^^^^^
^^^^^^^^^^^^^^^^^^^^^^^
^^^
  File "C:\Users\Window
s\AppData\Local\Program
s\Python\Python312\Lib\
site-packages\django\db
\models\sql\compiler.py
", line 1835, in 
execute_sql
    for sql, params in 
self.as_sql():
                       
^^^^^^^^^^^^^
  File "C:\Users\Window
s\AppData\Local\Program
s\Python\Python312\Lib\
site-packages\django\db
\models\sql\compiler.py
", line 1760, in as_sql
    self.prepare_value(
field, self.pre_save_va
l(field, obj))
  File "C:\Users\Window
s\AppData\Local\Program
s\Python\Python312\Lib\
site-packages\django\db
\models\sql\compiler.py
", line 1699, in 
prepare_value
    return field.get_db
_prep_save(value, conne
ction=self.connection)
           ^^^^^^^^^^^^
^^^^^^^^^^^^^^^^^^^^^^^
^^^^^^^^^^^^^^^^^^^^^^
  File "C:\Users\Window
s\AppData\Local\Program
s\Python\Python312\Lib\
site-packages\django\db
\models\fields\__init__
.py", line 1008, in 
get_db_prep_save
    return self.get_db_
prep_value(value, 
connection=connection, 
prepared=False)
           ^^^^^^^^^^^^
^^^^^^^^^^^^^^^^^^^^^^^
^^^^^^^^^^^^^^^^^^^^^^^
^^^^^^^^^^
  File "C:\Users\Window
s\AppData\Local\Program
s\Python\Python312\Lib\
site-packages\django\db
\models\fields\__init__
.py", line 2130, in 
get_db_prep_value
    value = super().get
_db_prep_value(value, 
connection, prepared)
            ^^^^^^^^^^^
^^^^^^^^^^^^^^^^^^^^^^^
^^^^^^^^^^^^^^^^^^^^
  File "C:\Users\Window
s\AppData\Local\Program
s\Python\Python312\Lib\
site-packages\django\db
\models\fields\__init__
.py", line 1001, in 
get_db_prep_value
    value = self.get_pr
ep_value(value)
            ^^^^^^^^^^^
^^^^^^^^^^^^^^^
  File "C:\Users\Window
s\AppData\Local\Program
s\Python\Python312\Lib\
site-packages\django\db
\models\fields\__init__
.py", line 2125, in 
get_prep_value
    raise e.__class__(
ValueError: Field 
'generacion' expected 
a number but got 
'2024-A'.

=======================
=======================
=======================
=
ERROR: test_profesor_ma
x_4_alumnos (tesis.test
s.TestTesis.test_profes
or_max_4_alumnos)
-----------------------
-----------------------
-----------------------
-
Traceback (most recent 
call last):
  File "C:\Users\Window
s\AppData\Local\Program
s\Python\Python312\Lib\
site-packages\django\db
\models\fields\__init__
.py", line 2123, in 
get_prep_value
    return int(value)
           ^^^^^^^^^^
ValueError: invalid 
literal for int() with 
base 10: '2024-A'

The above exception 
was the direct cause 
of the following 
exception:

Traceback (most recent 
call last):
  File "C:\Users\Window
s\Documents\SiCoP\apps\
tesis\tests.py", line 
38, in setUp
    self.est = Estudian
te.objects.create(
               ^^^^^^^^
^^^^^^^^^^^^^^^^^^
  File "C:\Users\Window
s\AppData\Local\Program
s\Python\Python312\Lib\
site-packages\django\db
\models\manager.py", 
line 87, in 
manager_method
    return getattr(self
.get_queryset(), 
name)(*args, **kwargs)
           ^^^^^^^^^^^^
^^^^^^^^^^^^^^^^^^^^^^^
^^^^^^^^^^^^^^^^
  File "C:\Users\Window
s\AppData\Local\Program
s\Python\Python312\Lib\
site-packages\django\db
\models\query.py", 
line 681, in create
    obj.save(force_inse
rt=True, using=self.db)
  File "C:\Users\Window
s\AppData\Local\Program
s\Python\Python312\Lib\
site-packages\django\db
\models\base.py", line 
892, in save
    self.save_base(
  File "C:\Users\Window
s\AppData\Local\Program
s\Python\Python312\Lib\
site-packages\django\db
\models\base.py", line 
998, in save_base
    updated = 
self._save_table(
              
^^^^^^^^^^^^^^^^^
  File "C:\Users\Window
s\AppData\Local\Program
s\Python\Python312\Lib\
site-packages\django\db
\models\base.py", line 
1161, in _save_table
    results = 
self._do_insert(
              
^^^^^^^^^^^^^^^^
  File "C:\Users\Window
s\AppData\Local\Program
s\Python\Python312\Lib\
site-packages\django\db
\models\base.py", line 
1202, in _do_insert
    return 
manager._insert(
           
^^^^^^^^^^^^^^^^
  File "C:\Users\Window
s\AppData\Local\Program
s\Python\Python312\Lib\
site-packages\django\db
\models\manager.py", 
line 87, in 
manager_method
    return getattr(self
.get_queryset(), 
name)(*args, **kwargs)
           ^^^^^^^^^^^^
^^^^^^^^^^^^^^^^^^^^^^^
^^^^^^^^^^^^^^^^
  File "C:\Users\Window
s\AppData\Local\Program
s\Python\Python312\Lib\
site-packages\django\db
\models\query.py", 
line 1852, in _insert
    return query.get_co
mpiler(using=using).exe
cute_sql(returning_fiel
ds)
           ^^^^^^^^^^^^
^^^^^^^^^^^^^^^^^^^^^^^
^^^^^^^^^^^^^^^^^^^^^^^
^^^
  File "C:\Users\Window
s\AppData\Local\Program
s\Python\Python312\Lib\
site-packages\django\db
\models\sql\compiler.py
", line 1835, in 
execute_sql
    for sql, params in 
self.as_sql():
                       
^^^^^^^^^^^^^
  File "C:\Users\Window
s\AppData\Local\Program
s\Python\Python312\Lib\
site-packages\django\db
\models\sql\compiler.py
", line 1760, in as_sql
    self.prepare_value(
field, self.pre_save_va
l(field, obj))
  File "C:\Users\Window
s\AppData\Local\Program
s\Python\Python312\Lib\
site-packages\django\db
\models\sql\compiler.py
", line 1699, in 
prepare_value
    return field.get_db
_prep_save(value, conne
ction=self.connection)
           ^^^^^^^^^^^^
^^^^^^^^^^^^^^^^^^^^^^^
^^^^^^^^^^^^^^^^^^^^^^
  File "C:\Users\Window
s\AppData\Local\Program
s\Python\Python312\Lib\
site-packages\django\db
\models\fields\__init__
.py", line 1008, in 
get_db_prep_save
    return self.get_db_
prep_value(value, 
connection=connection, 
prepared=False)
           ^^^^^^^^^^^^
^^^^^^^^^^^^^^^^^^^^^^^
^^^^^^^^^^^^^^^^^^^^^^^
^^^^^^^^^^
  File "C:\Users\Window
s\AppData\Local\Program
s\Python\Python312\Lib\
site-packages\django\db
\models\fields\__init__
.py", line 2130, in 
get_db_prep_value
    value = super().get
_db_prep_value(value, 
connection, prepared)
            ^^^^^^^^^^^
^^^^^^^^^^^^^^^^^^^^^^^
^^^^^^^^^^^^^^^^^^^^
  File "C:\Users\Window
s\AppData\Local\Program
s\Python\Python312\Lib\
site-packages\django\db
\models\fields\__init__
.py", line 1001, in 
get_db_prep_value
    value = self.get_pr
ep_value(value)
            ^^^^^^^^^^^
^^^^^^^^^^^^^^^
  File "C:\Users\Window
s\AppData\Local\Program
s\Python\Python312\Lib\
site-packages\django\db
\models\fields\__init__
.py", line 2125, in 
get_prep_value
    raise e.__class__(
ValueError: Field 
'generacion' expected 
a number but got 
'2024-A'.

=======================
=======================
=======================
=
ERROR: test_resultado_j
urado_aprobado_egresa_e
studiante (tesis.tests.
TestTesis.test_resultad
o_jurado_aprobado_egres
a_estudiante)
-----------------------
-----------------------
-----------------------
-
Traceback (most recent 
call last):
  File "C:\Users\Window
s\AppData\Local\Program
s\Python\Python312\Lib\
site-packages\django\db
\models\fields\__init__
.py", line 2123, in 
get_prep_value
    return int(value)
           ^^^^^^^^^^
ValueError: invalid 
literal for int() with 
base 10: '2024-A'

The above exception 
was the direct cause 
of the following 
exception:

Traceback (most recent 
call last):
  File "C:\Users\Window
s\Documents\SiCoP\apps\
tesis\tests.py", line 
38, in setUp
    self.est = Estudian
te.objects.create(
               ^^^^^^^^
^^^^^^^^^^^^^^^^^^
  File "C:\Users\Window
s\AppData\Local\Program
s\Python\Python312\Lib\
site-packages\django\db
\models\manager.py", 
line 87, in 
manager_method
    return getattr(self
.get_queryset(), 
name)(*args, **kwargs)
           ^^^^^^^^^^^^
^^^^^^^^^^^^^^^^^^^^^^^
^^^^^^^^^^^^^^^^
  File "C:\Users\Window
s\AppData\Local\Program
s\Python\Python312\Lib\
site-packages\django\db
\models\query.py", 
line 681, in create
    obj.save(force_inse
rt=True, using=self.db)
  File "C:\Users\Window
s\AppData\Local\Program
s\Python\Python312\Lib\
site-packages\django\db
\models\base.py", line 
892, in save
    self.save_base(
  File "C:\Users\Window
s\AppData\Local\Program
s\Python\Python312\Lib\
site-packages\django\db
\models\base.py", line 
998, in save_base
    updated = 
self._save_table(
              
^^^^^^^^^^^^^^^^^
  File "C:\Users\Window
s\AppData\Local\Program
s\Python\Python312\Lib\
site-packages\django\db
\models\base.py", line 
1161, in _save_table
    results = 
self._do_insert(
              
^^^^^^^^^^^^^^^^
  File "C:\Users\Window
s\AppData\Local\Program
s\Python\Python312\Lib\
site-packages\django\db
\models\base.py", line 
1202, in _do_insert
    return 
manager._insert(
           
^^^^^^^^^^^^^^^^
  File "C:\Users\Window
s\AppData\Local\Program
s\Python\Python312\Lib\
site-packages\django\db
\models\manager.py", 
line 87, in 
manager_method
    return getattr(self
.get_queryset(), 
name)(*args, **kwargs)
           ^^^^^^^^^^^^
^^^^^^^^^^^^^^^^^^^^^^^
^^^^^^^^^^^^^^^^
  File "C:\Users\Window
s\AppData\Local\Program
s\Python\Python312\Lib\
site-packages\django\db
\models\query.py", 
line 1852, in _insert
    return query.get_co
mpiler(using=using).exe
cute_sql(returning_fiel
ds)
           ^^^^^^^^^^^^
^^^^^^^^^^^^^^^^^^^^^^^
^^^^^^^^^^^^^^^^^^^^^^^
^^^
  File "C:\Users\Window
s\AppData\Local\Program
s\Python\Python312\Lib\
site-packages\django\db
\models\sql\compiler.py
", line 1835, in 
execute_sql
    for sql, params in 
self.as_sql():
                       
^^^^^^^^^^^^^
  File "C:\Users\Window
s\AppData\Local\Program
s\Python\Python312\Lib\
site-packages\django\db
\models\sql\compiler.py
", line 1760, in as_sql
    self.prepare_value(
field, self.pre_save_va
l(field, obj))
  File "C:\Users\Window
s\AppData\Local\Program
s\Python\Python312\Lib\
site-packages\django\db
\models\sql\compiler.py
", line 1699, in 
prepare_value
    return field.get_db
_prep_save(value, conne
ction=self.connection)
           ^^^^^^^^^^^^
^^^^^^^^^^^^^^^^^^^^^^^
^^^^^^^^^^^^^^^^^^^^^^
  File "C:\Users\Window
s\AppData\Local\Program
s\Python\Python312\Lib\
site-packages\django\db
\models\fields\__init__
.py", line 1008, in 
get_db_prep_save
    return self.get_db_
prep_value(value, 
connection=connection, 
prepared=False)
           ^^^^^^^^^^^^
^^^^^^^^^^^^^^^^^^^^^^^
^^^^^^^^^^^^^^^^^^^^^^^
^^^^^^^^^^
  File "C:\Users\Window
s\AppData\Local\Program
s\Python\Python312\Lib\
site-packages\django\db
\models\fields\__init__
.py", line 2130, in 
get_db_prep_value
    value = super().get
_db_prep_value(value, 
connection, prepared)
            ^^^^^^^^^^^
^^^^^^^^^^^^^^^^^^^^^^^
^^^^^^^^^^^^^^^^^^^^
  File "C:\Users\Window
s\AppData\Local\Program
s\Python\Python312\Lib\
site-packages\django\db
\models\fields\__init__
.py", line 1001, in 
get_db_prep_value
    value = self.get_pr
ep_value(value)
            ^^^^^^^^^^^
^^^^^^^^^^^^^^^
  File "C:\Users\Window
s\AppData\Local\Program
s\Python\Python312\Lib\
site-packages\django\db
\models\fields\__init__
.py", line 2125, in 
get_prep_value
    raise e.__class__(
ValueError: Field 
'generacion' expected 
a number but got 
'2024-A'.

-----------------------
-----------------------
-----------------------
-
Ran 11 tests in 22.105s

FAILED (errors=3)
Destroying test 
database for alias 
'default' ('file:memory
db_default?mode=memory&
cache=shared')...

